[mintslotienft.com/index.html]
[backblue.gif]
[fade.gif]
[index.html]
[mintslotienft.com/index_files/sloties.webflow.853fc6f38.css]
[mintslotienft.com/index_files/gtr.min.js]
[mintslotienft.com/index_files/insight.min.js]
[mintslotienft.com/index_files/fbevents.js]
[mintslotienft.com/index_files/f.txt]
[mintslotienft.com/index_files/pixel.js]
[mintslotienft.com/index_files/analytics.js]
[mintslotienft.com/index_files/gtm.js]
[mintslotienft.com/index_files/webfont.js]
[uploads-ssl.webflow.com/617c01210e8f0f423616fdd8/61894f6fc922adc93f4c21af_32-x-32-კანტი.png]
[uploads-ssl.webflow.com/617c01210e8f0f423616fdd8/61894f737f81d588ff4fdefe_256-x-256-კანტი.png]
[mintslotienft.com/index_files/l.js]
[mintslotienft.com/index_files/ethers-5.0.umd.min.js]
[mintslotienft.com/index_files/client_default.css]
[mintslotienft.com/index_files/f(1).txt]
[mintslotienft.com/index_files/6189178282a5fa8a2a1280e8_NFT LOGO 1-01.svg]
[mintslotienft.com/index_files/617c07efa78818323b058e31_Logo - Twitter.svg]
[mintslotienft.com/index_files/617c07ef9e95ea4de615e71f_Logo - Discord.svg]
[mintslotienft.com/index_files/617c07ef7756fd2484c4a532_Logo - OpenSea.svg]
[mintslotienft.com/index_files/61840c4f5256f471b4ae6fc8_Bitcoin.png]
[mintslotienft.com/index_files/6183e9b9b3d3d1640af5e1f0_Ether.png]
[mintslotienft.com/index_files/6183e7e6f0946e5a876ffa39_Dice.png]
[mintslotienft.com/index_files/6183e962c2a4a2697596b3c5_Ship.png]
[mintslotienft.com/index_files/metamask-logo.svg]
[mintslotienft.com/index_files/walletconnet-logoM.webp]
[mintslotienft.com/regcf13.html]
[mintslotienft.com/reg8edb.html]
[mintslotienft.com/index_files/617c06a06c73e83662779df2_Icon - Checkmark.svg]
[mintslotienft.com/index_files/6182a93fa2f9a536664dc782_NFT Casino Man - No BG - Gradient.png]
[mintslotienft.com/index_files/61963767743dccc6b625e3fa_1_yahoo.svg]
[mintslotienft.com/index_files/617fe8d9b1307ac1720b54f0_Icon - Star.svg]
[mintslotienft.com/index_files/61963e320be55cd14791911f_1_Investing.com (1).svg]
[mintslotienft.com/index_files/6196378008928c4b8fb8f470_1_coinpedia.svg]
[mintslotienft.com/index_files/61963dbf99614199516b5eda_1_Bitcoinist (2).svg]
[mintslotienft.com/index_files/61964d4dd022418c1e3cfa85_1_NEWSBTC (2).svg]
[mintslotienft.com/index_files/619637b41fb0de12d0513df3_1_Bloomberg.svg]
[mintslotienft.com/index_files/619e255d088979c1e244f5e3_1_nasdaq.svg]
[mintslotienft.com/index_files/619e256c9d63276b0759c54f_1_marketwach.svg]
[mintslotienft.com/index_files/619e417784f97c253f8a3dec_1_coinspeaker.svg]
[mintslotienft.com/index_files/61893410dd6b3875959a568b_Aztec God (1).png]
[mintslotienft.com/index_files/617c13c06f34d211cecda2cc_Icon - Quote.svg]
[mintslotienft.com/index_files/618935f503b8cd05bfaf0c08_Medusa Gorgona (1).jpg]
[mintslotienft.com/index_files/618935e965e0fb973d961aed_Irish Lucky.jpg]
[mintslotienft.com/index_files/618935d78f80ad5794eb4e4f_Pharaoh (1).jpg]
[mintslotienft.com/index_files/client.js]
[mintslotienft.com/index_files/618935cc7ba01884d4fca331_Casino Man (2).jpg]
[mintslotienft.com/index_files/618935bcb53f1928f450275d_Poseidon (1).jpg]
[mintslotienft.com/index_files/618935ab0758d04734d1a905_Aztec God.jpg]
[mintslotienft.com/index_files/6189359e78467ac3c82f86ad_Eagle Man.jpg]
[mintslotienft.com/index_files/618935816cc3a894c3d4007a_Viking.jpg]
[mintslotienft.com/index_files/61893576932181a6ec7d8ee2_cowboy.jpg]
[mintslotienft.com/index_files/618935665a5afdccea6094fe_Mad scientist (1).jpg]
[mintslotienft.com/index_files/618941ee570e56f6508d0b88_body.png]
[mintslotienft.com/index_files/6189424e5a5afd4ca9611223_hat.png]
[mintslotienft.com/index_files/618941c7dd15265fab0b7b0a_eyes.png]
[mintslotienft.com/index_files/6189425d41493f227cdf2d5a_ear.png]
[mintslotienft.com/index_files/618942695f729a1aacf8a968_mouth.png]
[mintslotienft.com/index_files/618942016cc3a8e023d45a04_clothe.png]
[mintslotienft.com/index_files/617c1f4feb43836231dadd34_Gold Background.png]
[mintslotienft.com/index_files/617d54e3ccd86217f5e7cad0_FortuneJack Logo.png]
[mintslotienft.com/index_files/617d54e43a0658d5240f999f_Cocos Casino Logo.png]
[mintslotienft.com/index_files/617d54e351b796ff0130209d_7Bit Casino Logo.png]
[mintslotienft.com/index_files/61894963d23d1741f3caec89_Aztec God.jpg]
[mintslotienft.com/index_files/6193cc95dc084a3cdcaf8ba6_Logo - linkedin.svg]
[mintslotienft.com/index_files/6189499adb2a35c59044ff97_Mad scientist (1).jpg]
[mintslotienft.com/index_files/61961ce0c996db7f6ba3966b_NFT-Disco (1).jpg]
[mintslotienft.com/index_files/61961cf20e3f874ba9d1bf7d_NFT-samurai (1).jpg]
[mintslotienft.com/index_files/6189498b41493f5b92df67bc_Casino Man (2).jpg]
[mintslotienft.com/index_files/618949709ba498bec88b3804_cowboy.jpg]
[mintslotienft.com/index_files/6189960d7999e3ca5c063d38_All or Nothing (1).jpg]
[mintslotienft.com/index_files/61961d056ce6375de539e957_Grafitty Writer (1).jpg]
[mintslotienft.com/index_files/jquery-3.5.1.min.dc5e7f18c8.js]
[mintslotienft.com/index_files/splide.min.js]
[mintslotienft.com/index_files/activityi.html]
[mintslotienft.com/index_files/webflow.27c71f482.js]
[connect.facebook.net/en_US/fbevents.js]
[dsp-media.eskimi.com/assets/js/e/gtr.minb14a.js]
[cdn.one.store/javascript/dist/1.0/jcr-widget8a08.js]
[mintslotienft.com/index_files/jcr-widget.js]
[mintslotienft.com/index.html]
[client.crisp.chat/l.js]
[uploads-ssl.webflow.com/617c01210e8f0f423616fdd8/6183e64ae584104a78e407ce_Background.jpg]
[uploads-ssl.webflow.com/617c01210e8f0f423616fdd8/617ffc954f80dd02ddb2b35c_stardust.png]
[uploads-ssl.webflow.com/617c01210e8f0f423616fdd8/6183fc565119bc3c1c44b4aa_binding-dark.png]
[uploads-ssl.webflow.com/617c01210e8f0f423616fdd8/617ffb992df04d208a1daa95_cartographer.png]
[uploads-ssl.webflow.com/617c01210e8f0f423616fdd8/6183fca02783697ace35d827_rocky-wall.png]
[uploads-ssl.webflow.com/617c01210e8f0f423616fdd8/6183fcf9a6b01b157fd7bdd7_shattered-dark.png]
[uploads-ssl.webflow.com/617c01210e8f0f423616fdd8/6183fc283697fcfd361bbad8_3px-tile.png]
[uploads-ssl.webflow.com/617c01210e8f0f423616fdd8/6183fcde4d9654481251f522_classy-fabric.png]
[mintslotienft.com/index_files/sloties.webflow.853fc6f38.css]
[mintslotienft.com/index_files/367720017127940.html]
[mintslotienft.com/index_files/427617184763073.html]
[mintslotienft.com/index_files/js.html]
[mintslotienft.com/index_files/js(1).html]
[mintslotienft.com/index_files/css.html]
[www.googletagmanager.com/gtm5445.html]
[d258lu9myqkejp.cloudfront.net/event-visualizer/cf-logo.png]
[d258lu9myqkejp.cloudfront.net/event-visualizer/icon-exit.png]
[mintslotienft.com/index_files/saved_resource.html]
[mintslotienft.com/index_files/client_default.css]
[mintslotienft.com/index_files/6189178282a5fa8a2a1280e8_NFT LOGO 1-01.svg]
[mintslotienft.com/index_files/617c07efa78818323b058e31_Logo - Twitter.svg]
[mintslotienft.com/index_files/617c07ef9e95ea4de615e71f_Logo - Discord.svg]
[mintslotienft.com/index_files/617c07ef7756fd2484c4a532_Logo - OpenSea.svg]
[mintslotienft.com/index_files/metamask-logo.svg]
[mintslotienft.com/regcf13.html]
[mintslotienft.com/reg8edb.html]
[mintslotienft.com/index_files/617c06a06c73e83662779df2_Icon - Checkmark.svg]
[mintslotienft.com/index_files/61963767743dccc6b625e3fa_1_yahoo.svg]
[mintslotienft.com/index_files/617fe8d9b1307ac1720b54f0_Icon - Star.svg]
[mintslotienft.com/index_files/61963e320be55cd14791911f_1_Investing.com (1).svg]
[mintslotienft.com/index_files/6196378008928c4b8fb8f470_1_coinpedia.svg]
[mintslotienft.com/index_files/61963dbf99614199516b5eda_1_Bitcoinist (2).svg]
[mintslotienft.com/index_files/61964d4dd022418c1e3cfa85_1_NEWSBTC (2).svg]
[mintslotienft.com/index_files/619637b41fb0de12d0513df3_1_Bloomberg.svg]
[mintslotienft.com/index_files/619e255d088979c1e244f5e3_1_nasdaq.svg]
[mintslotienft.com/index_files/619e256c9d63276b0759c54f_1_marketwach.svg]
[mintslotienft.com/index_files/619e417784f97c253f8a3dec_1_coinspeaker.svg]
[mintslotienft.com/index_files/617c13c06f34d211cecda2cc_Icon - Quote.svg]
[mintslotienft.com/index_files/6193cc95dc084a3cdcaf8ba6_Logo - linkedin.svg]
[mintslotienft.com/index_files/activityi.html]
[connect.facebook.net/en_US/fbevents.js]
[mintslotienft.com/'https_/image.crisp.chat/process/thumbnail/indexfaa3.html]
[mintslotienft.com/index_files/=d)return.html]
[mintslotienft.com/index_files/=i2129.html]
[mintslotienft.com/index_files/=i9751.html]
[mintslotienft.com/index_files/=i9905.html]
[mintslotienft.com/images/tiles/shapes48e0.html]
[mintslotienft.com/images/tiles/4-point-stars48e0.html]
[mintslotienft.com/images/tiles/anchors-away48e0.html]
[mintslotienft.com/images/tiles/autumn48e0.html]
[mintslotienft.com/images/tiles/aztec48e0.html]
[mintslotienft.com/images/tiles/bamboo48e0.html]
[mintslotienft.com/images/tiles/bank-note48e0.html]
[mintslotienft.com/images/tiles/bathroom-floor48e0.html]
[mintslotienft.com/images/tiles/bevel-circle48e0.html]
[mintslotienft.com/images/tiles/boxes48e0.html]
[mintslotienft.com/images/tiles/brick-wall48e0.html]
[mintslotienft.com/images/tiles/bubbles48e0.html]
[mintslotienft.com/images/tiles/cage48e0.html]
[mintslotienft.com/images/tiles/charlie-brown48e0.html]
[mintslotienft.com/images/tiles/church-on-sunday48e0.html]
[mintslotienft.com/images/tiles/circles-and-squares48e0.html]
[mintslotienft.com/images/tiles/circuit-board48e0.html]
[mintslotienft.com/images/tiles/connections48e0.html]
[mintslotienft.com/images/tiles/cork-screw48e0.html]
[mintslotienft.com/images/tiles/current48e0.html]
[mintslotienft.com/images/tiles/curtain48e0.html]
[mintslotienft.com/images/tiles/death-star48e0.html]
[mintslotienft.com/images/tiles/diagonal-lines48e0.html]
[mintslotienft.com/images/tiles/diagonal-stripes48e0.html]
[mintslotienft.com/images/tiles/dominos48e0.html]
[mintslotienft.com/images/tiles/endless-clouds48e0.html]
[mintslotienft.com/images/tiles/eyes48e0.html]
[mintslotienft.com/images/tiles/falling-triangles48e0.html]
[mintslotienft.com/images/tiles/fancy-rectangles48e0.html]
[mintslotienft.com/images/tiles/flipped-diamonds48e0.html]
[mintslotienft.com/images/tiles/floating-cogs48e0.html]
[mintslotienft.com/images/tiles/floor-tile48e0.html]
[mintslotienft.com/images/tiles/glamorous48e0.html]
[mintslotienft.com/images/tiles/graph-paper48e0.html]
[mintslotienft.com/images/tiles/groovy48e0.html]
[mintslotienft.com/images/tiles/happy-intersection48e0.html]
[mintslotienft.com/images/tiles/heavy-rain48e0.html]
[mintslotienft.com/images/tiles/hexagons48e0.html]
[mintslotienft.com/images/tiles/hideout48e0.html]
[mintslotienft.com/images/tiles/houndstooth48e0.html]
[mintslotienft.com/images/tiles/i-like-food48e0.html]
[mintslotienft.com/images/tiles/intersecting-circles48e0.html]
[mintslotienft.com/images/tiles/kiwi48e0.html]
[mintslotienft.com/images/tiles/leaf48e0.html]
[mintslotienft.com/images/tiles/line-in-motion48e0.html]
[mintslotienft.com/images/tiles/lips48e0.html]
[mintslotienft.com/images/tiles/lisbon48e0.html]
[mintslotienft.com/images/tiles/melt48e0.html]
[mintslotienft.com/images/tiles/moroccan48e0.html]
[mintslotienft.com/images/tiles/morphing-diamonds48e0.html]
[mintslotienft.com/images/tiles/overlapping-circles48e0.html]
[mintslotienft.com/images/tiles/overlapping-diamonds48e0.html]
[mintslotienft.com/images/tiles/overlapping-hexagons48e0.html]
[mintslotienft.com/images/tiles/parkay-floor48e0.html]
[mintslotienft.com/images/tiles/piano-man48e0.html]
[mintslotienft.com/images/tiles/pie-factory48e0.html]
[mintslotienft.com/images/tiles/pixel-dots48e0.html]
[mintslotienft.com/images/tiles/plus48e0.html]
[mintslotienft.com/images/tiles/polka-dots48e0.html]
[mintslotienft.com/images/tiles/rails48e0.html]
[mintslotienft.com/images/tiles/rain48e0.html]
[mintslotienft.com/images/tiles/random-shapes48e0.html]
[mintslotienft.com/images/tiles/rounded-plus-connected48e0.html]
[mintslotienft.com/images/tiles/signal48e0.html]
[mintslotienft.com/images/tiles/skulls48e0.html]
[mintslotienft.com/images/tiles/slanted-stars48e0.html]
[mintslotienft.com/images/tiles/squares-in-squares48e0.html]
[mintslotienft.com/images/tiles/squares48e0.html]
[mintslotienft.com/images/tiles/stamp-collection48e0.html]
[mintslotienft.com/images/tiles/steel-beams48e0.html]
[mintslotienft.com/images/tiles/stripes48e0.html]
[mintslotienft.com/images/tiles/temple48e0.html]
[mintslotienft.com/images/tiles/tic-tac-toe48e0.html]
[mintslotienft.com/images/tiles/tiny-checkers48e0.html]
[mintslotienft.com/images/tiles/volcano-lamp48e0.html]
[mintslotienft.com/images/tiles/wallpaper48e0.html]
[mintslotienft.com/images/tiles/wiggle48e0.html]
[mintslotienft.com/images/tiles/x-equals48e0.html]
[mintslotienft.com/images/tiles/yyy48e0.html]
[mintslotienft.com/images/tiles/zig-zag48e0.html]
[mintslotienft.com/images/includes/logo-giphy48e0.html]
[mintslotienft.com/fonts/noto_sans/0020-007F/noto_sans_regular48e0.html]
[mintslotienft.com/fonts/noto_sans/0020-007F/noto_sans_bold48e0.html]
[mintslotienft.com/fonts/noto_sans/00A0-00FF/noto_sans_regular48e0.html]
[mintslotienft.com/fonts/noto_sans/00A0-00FF/noto_sans_bold48e0.html]
[mintslotienft.com/fonts/noto_sans/0100-017F/noto_sans_regular48e0.html]
[mintslotienft.com/fonts/noto_sans/0100-017F/noto_sans_bold48e0.html]
[mintslotienft.com/fonts/noto_sans/0180-024F/noto_sans_regular48e0.html]
[mintslotienft.com/fonts/noto_sans/0180-024F/noto_sans_bold48e0.html]
[mintslotienft.com/fonts/noto_sans/0250-02AF/noto_sans_regular48e0.html]
[mintslotienft.com/fonts/noto_sans/0250-02AF/noto_sans_bold48e0.html]
[mintslotienft.com/fonts/noto_sans/02B0-02FF/noto_sans_regular48e0.html]
[mintslotienft.com/fonts/noto_sans/02B0-02FF/noto_sans_bold48e0.html]
[mintslotienft.com/fonts/noto_sans/0300-036F/noto_sans_regular48e0.html]
[mintslotienft.com/fonts/noto_sans/0300-036F/noto_sans_bold48e0.html]
[mintslotienft.com/fonts/noto_sans/0370-03FF/noto_sans_regular48e0.html]
[mintslotienft.com/fonts/noto_sans/0370-03FF/noto_sans_bold48e0.html]
[mintslotienft.com/fonts/noto_sans/0400-04FF/noto_sans_regular48e0.html]
[mintslotienft.com/fonts/noto_sans/0400-04FF/noto_sans_bold48e0.html]
[mintslotienft.com/fonts/noto_sans/0500-052F/noto_sans_regular48e0.html]
[mintslotienft.com/fonts/noto_sans/0500-052F/noto_sans_bold48e0.html]
[mintslotienft.com/fonts/noto_sans/0530-058F/noto_sans_regular48e0.html]
[mintslotienft.com/fonts/noto_sans/0530-058F/noto_sans_bold48e0.html]
[mintslotienft.com/fonts/noto_sans/0590-05FF/noto_sans_regular48e0.html]
[mintslotienft.com/fonts/noto_sans/0590-05FF/noto_sans_bold48e0.html]
[mintslotienft.com/fonts/noto_sans/0600-06FF/noto_sans_regular48e0.html]
[mintslotienft.com/fonts/noto_sans/0600-06FF/noto_sans_bold48e0.html]
[mintslotienft.com/fonts/noto_sans/0700-074F/noto_sans_regular48e0.html]
[mintslotienft.com/fonts/noto_sans/0700-074F/noto_sans_bold48e0.html]
[mintslotienft.com/fonts/noto_sans/0780-07BF/noto_sans_regular48e0.html]
[mintslotienft.com/fonts/noto_sans/0780-07BF/noto_sans_bold48e0.html]
[mintslotienft.com/fonts/noto_sans/0900-097F/noto_sans_regular48e0.html]
[mintslotienft.com/fonts/noto_sans/0900-097F/noto_sans_bold48e0.html]
[mintslotienft.com/fonts/noto_sans/0980-09FF/noto_sans_regular48e0.html]
[mintslotienft.com/fonts/noto_sans/0980-09FF/noto_sans_bold48e0.html]
[mintslotienft.com/fonts/noto_sans/0A00-0A7F/noto_sans_regular48e0.html]
[mintslotienft.com/fonts/noto_sans/0A00-0A7F/noto_sans_bold48e0.html]
[mintslotienft.com/fonts/noto_sans/0A80-0AFF/noto_sans_regular48e0.html]
[mintslotienft.com/fonts/noto_sans/0A80-0AFF/noto_sans_bold48e0.html]
[mintslotienft.com/fonts/noto_sans/0B00-0B7F/noto_sans_regular48e0.html]
[mintslotienft.com/fonts/noto_sans/0B00-0B7F/noto_sans_bold48e0.html]
[mintslotienft.com/fonts/noto_sans/0B80-0BFF/noto_sans_regular48e0.html]
[mintslotienft.com/fonts/noto_sans/0B80-0BFF/noto_sans_bold48e0.html]
[mintslotienft.com/fonts/noto_sans/0C00-0C7F/noto_sans_regular48e0.html]
[mintslotienft.com/fonts/noto_sans/0C00-0C7F/noto_sans_bold48e0.html]
[mintslotienft.com/fonts/noto_sans/0C80-0CFF/noto_sans_regular48e0.html]
[mintslotienft.com/fonts/noto_sans/0C80-0CFF/noto_sans_bold48e0.html]
[mintslotienft.com/fonts/noto_sans/0D00-0D7F/noto_sans_regular48e0.html]
[mintslotienft.com/fonts/noto_sans/0D00-0D7F/noto_sans_bold48e0.html]
[mintslotienft.com/fonts/noto_sans/0D80-0DFF/noto_sans_regular48e0.html]
[mintslotienft.com/fonts/noto_sans/0D80-0DFF/noto_sans_bold48e0.html]
[mintslotienft.com/fonts/noto_sans/0E00-0E7F/noto_sans_regular48e0.html]
[mintslotienft.com/fonts/noto_sans/0E00-0E7F/noto_sans_bold48e0.html]
[mintslotienft.com/fonts/noto_sans/0E80-0EFF/noto_sans_regular48e0.html]
[mintslotienft.com/fonts/noto_sans/0E80-0EFF/noto_sans_bold48e0.html]
[mintslotienft.com/fonts/noto_sans/0F00-0FFF/noto_sans_regular48e0.html]
[mintslotienft.com/fonts/noto_sans/0F00-0FFF/noto_sans_bold48e0.html]
[mintslotienft.com/fonts/noto_sans/1000-109F/noto_sans_regular48e0.html]
[mintslotienft.com/fonts/noto_sans/1000-109F/noto_sans_bold48e0.html]
[mintslotienft.com/fonts/noto_sans/10A0-10FF/noto_sans_regular48e0.html]
[mintslotienft.com/fonts/noto_sans/10A0-10FF/noto_sans_bold48e0.html]
[mintslotienft.com/fonts/noto_sans/1100-11FF/noto_sans_regular48e0.html]
[mintslotienft.com/fonts/noto_sans/1100-11FF/noto_sans_bold48e0.html]
[mintslotienft.com/fonts/noto_sans/1200-137F/noto_sans_regular48e0.html]
[mintslotienft.com/fonts/noto_sans/1200-137F/noto_sans_bold48e0.html]
[mintslotienft.com/fonts/noto_sans/13A0-13FF/noto_sans_regular48e0.html]
[mintslotienft.com/fonts/noto_sans/13A0-13FF/noto_sans_bold48e0.html]
[mintslotienft.com/fonts/noto_sans/1400-167F/noto_sans_regular48e0.html]
[mintslotienft.com/fonts/noto_sans/1400-167F/noto_sans_bold48e0.html]
[mintslotienft.com/fonts/noto_sans/1680-169F/noto_sans_regular48e0.html]
[mintslotienft.com/fonts/noto_sans/1680-169F/noto_sans_bold48e0.html]
[mintslotienft.com/fonts/noto_sans/16A0-16FF/noto_sans_regular48e0.html]
[mintslotienft.com/fonts/noto_sans/16A0-16FF/noto_sans_bold48e0.html]
[mintslotienft.com/fonts/noto_sans/1700-171F/noto_sans_regular48e0.html]
[mintslotienft.com/fonts/noto_sans/1700-171F/noto_sans_bold48e0.html]
[mintslotienft.com/fonts/noto_sans/1720-173F/noto_sans_regular48e0.html]
[mintslotienft.com/fonts/noto_sans/1720-173F/noto_sans_bold48e0.html]
[mintslotienft.com/fonts/noto_sans/1740-175F/noto_sans_regular48e0.html]
[mintslotienft.com/fonts/noto_sans/1740-175F/noto_sans_bold48e0.html]
[mintslotienft.com/fonts/noto_sans/1760-177F/noto_sans_regular48e0.html]
[mintslotienft.com/fonts/noto_sans/1760-177F/noto_sans_bold48e0.html]
[mintslotienft.com/fonts/noto_sans/1780-17FF/noto_sans_regular48e0.html]
[mintslotienft.com/fonts/noto_sans/1780-17FF/noto_sans_bold48e0.html]
[mintslotienft.com/fonts/noto_sans/1800-18AF/noto_sans_regular48e0.html]
[mintslotienft.com/fonts/noto_sans/1800-18AF/noto_sans_bold48e0.html]
[mintslotienft.com/fonts/noto_sans/1900-194F/noto_sans_regular48e0.html]
[mintslotienft.com/fonts/noto_sans/1900-194F/noto_sans_bold48e0.html]
[mintslotienft.com/fonts/noto_sans/1950-197F/noto_sans_regular48e0.html]
[mintslotienft.com/fonts/noto_sans/1950-197F/noto_sans_bold48e0.html]
[mintslotienft.com/fonts/noto_sans/19E0-19FF/noto_sans_regular48e0.html]
[mintslotienft.com/fonts/noto_sans/19E0-19FF/noto_sans_bold48e0.html]
[mintslotienft.com/fonts/noto_sans/1D00-1D7F/noto_sans_regular48e0.html]
[mintslotienft.com/fonts/noto_sans/1D00-1D7F/noto_sans_bold48e0.html]
[mintslotienft.com/fonts/noto_sans/1E00-1EFF/noto_sans_regular48e0.html]
[mintslotienft.com/fonts/noto_sans/1E00-1EFF/noto_sans_bold48e0.html]
[mintslotienft.com/fonts/noto_sans/1F00-1FFF/noto_sans_regular48e0.html]
[mintslotienft.com/fonts/noto_sans/2000-206F/noto_sans_regular48e0.html]
[mintslotienft.com/fonts/noto_sans/2070-209F/noto_sans_regular48e0.html]
[mintslotienft.com/fonts/noto_sans/20A0-20CF/noto_sans_regular48e0.html]
[mintslotienft.com/fonts/noto_sans/20D0-20FF/noto_sans_regular48e0.html]
[mintslotienft.com/fonts/noto_sans/2100-214F/noto_sans_regular48e0.html]
[mintslotienft.com/fonts/noto_sans/2150-218F/noto_sans_regular48e0.html]
[mintslotienft.com/fonts/noto_sans/2190-21FF/noto_sans_regular48e0.html]
[mintslotienft.com/fonts/noto_sans/2200-22FF/noto_sans_regular48e0.html]
[mintslotienft.com/fonts/noto_sans/2300-23FF/noto_sans_regular48e0.html]
[mintslotienft.com/fonts/noto_sans/2400-243F/noto_sans_regular48e0.html]
[mintslotienft.com/fonts/noto_sans/2440-245F/noto_sans_regular48e0.html]
[mintslotienft.com/fonts/noto_sans/2460-24FF/noto_sans_regular48e0.html]
[mintslotienft.com/fonts/noto_sans/2500-257F/noto_sans_regular48e0.html]
[mintslotienft.com/fonts/noto_sans/2580-259F/noto_sans_regular48e0.html]
[mintslotienft.com/fonts/noto_sans/2580-259F/noto_sans_bold48e0.html]
[mintslotienft.com/fonts/noto_sans/25A0-25FF/noto_sans_regular48e0.html]
[mintslotienft.com/fonts/noto_sans/25A0-25FF/noto_sans_bold48e0.html]
[mintslotienft.com/fonts/noto_sans/2600-26FF/noto_sans_regular48e0.html]
[mintslotienft.com/fonts/noto_sans/2600-26FF/noto_sans_bold48e0.html]
[mintslotienft.com/fonts/noto_sans/2700-27BF/noto_sans_regular48e0.html]
[mintslotienft.com/fonts/noto_sans/2700-27BF/noto_sans_bold48e0.html]
[mintslotienft.com/fonts/noto_sans/27C0-27EF/noto_sans_regular48e0.html]
[mintslotienft.com/fonts/noto_sans/27C0-27EF/noto_sans_bold48e0.html]
[mintslotienft.com/fonts/noto_sans/27F0-27FF/noto_sans_regular48e0.html]
[mintslotienft.com/fonts/noto_sans/27F0-27FF/noto_sans_bold48e0.html]
[mintslotienft.com/fonts/noto_sans/2800-28FF/noto_sans_regular48e0.html]
[mintslotienft.com/fonts/noto_sans/2800-28FF/noto_sans_bold48e0.html]
[mintslotienft.com/fonts/noto_sans/2900-297F/noto_sans_regular48e0.html]
[mintslotienft.com/fonts/noto_sans/2900-297F/noto_sans_bold48e0.html]
[mintslotienft.com/fonts/noto_sans/2980-29FF/noto_sans_regular48e0.html]
[mintslotienft.com/fonts/noto_sans/2980-29FF/noto_sans_bold48e0.html]
[mintslotienft.com/fonts/noto_sans/2A00-2AFF/noto_sans_regular48e0.html]
[mintslotienft.com/fonts/noto_sans/2A00-2AFF/noto_sans_bold48e0.html]
[mintslotienft.com/fonts/noto_sans/2B00-2BFF/noto_sans_regular48e0.html]
[mintslotienft.com/fonts/noto_sans/2B00-2BFF/noto_sans_bold48e0.html]
[mintslotienft.com/fonts/noto_sans/2E80-2EFF/noto_sans_regular48e0.html]
[mintslotienft.com/fonts/noto_sans/2E80-2EFF/noto_sans_bold48e0.html]
[mintslotienft.com/fonts/noto_sans/2F00-2FDF/noto_sans_regular48e0.html]
[mintslotienft.com/fonts/noto_sans/2F00-2FDF/noto_sans_bold48e0.html]
[mintslotienft.com/fonts/noto_sans/2FF0-2FFF/noto_sans_regular48e0.html]
[mintslotienft.com/fonts/noto_sans/2FF0-2FFF/noto_sans_bold48e0.html]
[mintslotienft.com/fonts/noto_sans/3000-303F/noto_sans_regular48e0.html]
[mintslotienft.com/fonts/noto_sans/3000-303F/noto_sans_bold48e0.html]
[mintslotienft.com/fonts/noto_sans/3040-309F/noto_sans_regular48e0.html]
[mintslotienft.com/fonts/noto_sans/3040-309F/noto_sans_bold48e0.html]
[mintslotienft.com/fonts/noto_sans/30A0-30FF/noto_sans_regular48e0.html]
[mintslotienft.com/fonts/noto_sans/30A0-30FF/noto_sans_bold48e0.html]
[mintslotienft.com/fonts/noto_sans/3100-312F/noto_sans_regular48e0.html]
[mintslotienft.com/fonts/noto_sans/3100-312F/noto_sans_bold48e0.html]
[mintslotienft.com/fonts/noto_sans/3130-318F/noto_sans_regular48e0.html]
[mintslotienft.com/fonts/noto_sans/3130-318F/noto_sans_bold48e0.html]
[mintslotienft.com/fonts/noto_sans/3190-319F/noto_sans_regular48e0.html]
[mintslotienft.com/fonts/noto_sans/3190-319F/noto_sans_bold48e0.html]
[mintslotienft.com/fonts/noto_sans/31A0-31BF/noto_sans_regular48e0.html]
[mintslotienft.com/fonts/noto_sans/31A0-31BF/noto_sans_bold48e0.html]
[mintslotienft.com/fonts/noto_sans/31F0-31FF/noto_sans_regular48e0.html]
[mintslotienft.com/fonts/noto_sans/31F0-31FF/noto_sans_bold48e0.html]
[mintslotienft.com/fonts/noto_sans/3200-32FF/noto_sans_regular48e0.html]
[mintslotienft.com/fonts/noto_sans/3200-32FF/noto_sans_bold48e0.html]
[mintslotienft.com/fonts/noto_sans/3300-33FF/noto_sans_regular48e0.html]
[mintslotienft.com/fonts/noto_sans/3300-33FF/noto_sans_bold48e0.html]
[mintslotienft.com/fonts/noto_sans/3400-4DBF/noto_sans_regular48e0.html]
[mintslotienft.com/fonts/noto_sans/3400-4DBF/noto_sans_bold48e0.html]
[mintslotienft.com/fonts/noto_sans/4DC0-4DFF/noto_sans_regular48e0.html]
[mintslotienft.com/fonts/noto_sans/4DC0-4DFF/noto_sans_bold48e0.html]
[mintslotienft.com/fonts/noto_sans/4E00-9FFF/noto_sans_regular48e0.html]
[mintslotienft.com/fonts/noto_sans/4E00-9FFF/noto_sans_bold48e0.html]
[mintslotienft.com/fonts/noto_sans/A000-A48F/noto_sans_regular48e0.html]
[mintslotienft.com/fonts/noto_sans/A000-A48F/noto_sans_bold48e0.html]
[mintslotienft.com/fonts/noto_sans/A490-A4CF/noto_sans_regular48e0.html]
[mintslotienft.com/fonts/noto_sans/A490-A4CF/noto_sans_bold48e0.html]
[mintslotienft.com/fonts/noto_sans/AC00-D7AF/noto_sans_regular48e0.html]
[mintslotienft.com/fonts/noto_sans/AC00-D7AF/noto_sans_bold48e0.html]
[mintslotienft.com/fonts/noto_sans/D800-DB7F/noto_sans_regular48e0.html]
[mintslotienft.com/fonts/noto_sans/D800-DB7F/noto_sans_bold48e0.html]
[mintslotienft.com/fonts/noto_sans/DB80-DBFF/noto_sans_regular48e0.html]
[mintslotienft.com/fonts/noto_sans/DB80-DBFF/noto_sans_bold48e0.html]
[mintslotienft.com/fonts/noto_sans/DC00-DFFF/noto_sans_regular48e0.html]
[mintslotienft.com/fonts/noto_sans/DC00-DFFF/noto_sans_bold48e0.html]
[mintslotienft.com/fonts/noto_sans/E000-F8FF/noto_sans_regular48e0.html]
[mintslotienft.com/fonts/noto_sans/E000-F8FF/noto_sans_bold48e0.html]
[mintslotienft.com/fonts/noto_sans/F900-FAFF/noto_sans_regular48e0.html]
[mintslotienft.com/fonts/noto_sans/F900-FAFF/noto_sans_bold48e0.html]
[mintslotienft.com/fonts/noto_sans/FB00-FB4F/noto_sans_regular48e0.html]
[mintslotienft.com/fonts/noto_sans/FB00-FB4F/noto_sans_bold48e0.html]
[mintslotienft.com/fonts/noto_sans/FB50-FDFF/noto_sans_regular48e0.html]
[mintslotienft.com/fonts/noto_sans/FB50-FDFF/noto_sans_bold48e0.html]
[mintslotienft.com/fonts/noto_sans/FE00-FE0F/noto_sans_regular48e0.html]
[mintslotienft.com/fonts/noto_sans/FE00-FE0F/noto_sans_bold48e0.html]
[mintslotienft.com/fonts/noto_sans/FE20-FE2F/noto_sans_regular48e0.html]
[mintslotienft.com/fonts/noto_sans/FE20-FE2F/noto_sans_bold48e0.html]
[mintslotienft.com/fonts/noto_sans/FE30-FE4F/noto_sans_regular48e0.html]
[mintslotienft.com/fonts/noto_sans/FE30-FE4F/noto_sans_bold48e0.html]
[mintslotienft.com/fonts/noto_sans/FE50-FE6F/noto_sans_regular48e0.html]
[mintslotienft.com/fonts/noto_sans/FE50-FE6F/noto_sans_bold48e0.html]
[mintslotienft.com/fonts/noto_sans/FE70-FEFF/noto_sans_regular48e0.html]
[mintslotienft.com/fonts/noto_sans/FE70-FEFF/noto_sans_bold48e0.html]
[mintslotienft.com/fonts/noto_sans/FF00-FFEF/noto_sans_regular48e0.html]
[mintslotienft.com/fonts/noto_sans/FF00-FFEF/noto_sans_bold48e0.html]
[mintslotienft.com/fonts/noto_sans/FFF0-FFFF/noto_sans_regular48e0.html]
[mintslotienft.com/fonts/noto_sans/FFF0-FFFF/noto_sans_bold48e0.html]
[mintslotienft.com/fonts/noto_sans/10000-1007F/noto_sans_regular48e0.html]
[mintslotienft.com/fonts/noto_sans/10000-1007F/noto_sans_bold48e0.html]
[mintslotienft.com/fonts/noto_sans/10080-100FF/noto_sans_regular48e0.html]
[mintslotienft.com/fonts/noto_sans/10080-100FF/noto_sans_bold48e0.html]
[mintslotienft.com/fonts/noto_sans/10100-1013F/noto_sans_regular48e0.html]
[mintslotienft.com/fonts/noto_sans/10100-1013F/noto_sans_bold48e0.html]
[mintslotienft.com/fonts/noto_sans/10300-1032F/noto_sans_regular48e0.html]
[mintslotienft.com/fonts/noto_sans/10300-1032F/noto_sans_bold48e0.html]
[mintslotienft.com/fonts/noto_sans/10330-1034F/noto_sans_regular48e0.html]
[mintslotienft.com/fonts/noto_sans/10330-1034F/noto_sans_bold48e0.html]
[mintslotienft.com/fonts/noto_sans/10380-1039F/noto_sans_regular48e0.html]
[mintslotienft.com/fonts/noto_sans/10380-1039F/noto_sans_bold48e0.html]
[mintslotienft.com/fonts/noto_sans/10400-1044F/noto_sans_regular48e0.html]
[mintslotienft.com/fonts/noto_sans/10400-1044F/noto_sans_bold48e0.html]
[mintslotienft.com/fonts/noto_sans/10450-1047F/noto_sans_regular48e0.html]
[mintslotienft.com/fonts/noto_sans/10450-1047F/noto_sans_bold48e0.html]
[mintslotienft.com/fonts/noto_sans/10480-104AF/noto_sans_regular48e0.html]
[mintslotienft.com/fonts/noto_sans/10480-104AF/noto_sans_bold48e0.html]
[mintslotienft.com/fonts/noto_sans/10800-1083F/noto_sans_regular48e0.html]
[mintslotienft.com/fonts/noto_sans/10800-1083F/noto_sans_bold48e0.html]
[mintslotienft.com/fonts/noto_sans/1D000-1D0FF/noto_sans_regular48e0.html]
[mintslotienft.com/fonts/noto_sans/1D000-1D0FF/noto_sans_bold48e0.html]
[mintslotienft.com/fonts/noto_sans/1D100-1D1FF/noto_sans_regular48e0.html]
[mintslotienft.com/fonts/noto_sans/1D100-1D1FF/noto_sans_bold48e0.html]
[mintslotienft.com/fonts/noto_sans/1D300-1D35F/noto_sans_regular48e0.html]
[mintslotienft.com/fonts/noto_sans/1D300-1D35F/noto_sans_bold48e0.html]
[mintslotienft.com/fonts/noto_sans/1D400-1D7FF/noto_sans_regular48e0.html]
[mintslotienft.com/fonts/noto_sans/1D400-1D7FF/noto_sans_bold48e0.html]
[mintslotienft.com/fonts/noto_sans/20000-2A6DF/noto_sans_regular48e0.html]
[mintslotienft.com/fonts/noto_sans/20000-2A6DF/noto_sans_bold48e0.html]
[mintslotienft.com/fonts/noto_sans/2F800-2FA1F/noto_sans_regular48e0.html]
[mintslotienft.com/fonts/noto_sans/2F800-2FA1F/noto_sans_bold48e0.html]
[mintslotienft.com/fonts/noto_sans/E0000-E007F/noto_sans_regular48e0.html]
[mintslotienft.com/fonts/noto_sans/E0000-E007F/noto_sans_bold48e0.html]
[mintslotienft.com/index_files/dc_pre=CJbl-r797_UCFckQ0wodjfoGWA.html]
[mintslotienft.com/c.html]
[mintslotienft.com/b.html]
[mintslotienft.com/POST.html]
